[33mΓ¥»[39m Building...
[32mΓ£ö[39m Building...
Application bundle generation failed. [7.216 seconds] - 2026-03-10T11:34:00.448Z

node.exe : 
[1m[33m[33mΓû▓ [43;
33m[[43;30mWARNING[43
;33m][0m [1mNG8113: 
RouterLink is not used 
within the template of 
LandingPageComponent[0
m [1m[35m[plugin 
angular-compiler][0m
At line:1 char:1
+ & "C:\Program 
Files\nodejs/node.exe" 
"C:\Program 
Files\nodejs/node_mo 
...
+ ~~~~~~~~~~~~~~~~~~~~~
~~~~~~~~~~~~~~~~~~~~~~~
~~~~~~~~~~~~~~~~~~~~~~~
~~
    + CategoryInfo     
         : NotSpecifi  
  ed: ([1m[33m[33   
 mΓ...r-compiler][    
0m:String) [], Rem    
oteException
    + FullyQualifiedEr 
   rorId : NativeComm  
  andError
 

    src/app/pages/landi
ng-page/landing-page.co
mponent.ts:10:26:
[37m      10 Γöé   
imports: 
[CommonModule, 
[32mRouterLink[37m, 
UiButtonComponent, 
UiCardCom...
         Γò╡           
                
[32m~~~~~~~~~~[0m


[33mΓû▓ [43;33m[[43;
30mWARNING[43;33m][0m
 [1mNG8113: 
UiButtonComponent is 
not used within the 
template of LandingPage
Component[0m 
[1m[35m[plugin 
angular-compiler][0m

    src/app/pages/landi
ng-page/landing-page.co
mponent.ts:10:38:
[37m      10 Γöé 
...s: [CommonModule, 
RouterLink, [32mUiButt
onComponent[37m, 
UiCardComponent],
         Γò╡           
                       
[32m~~~~~~~~~~~~~~~~~
[0m


[33mΓû▓ [43;33m[[43;
30mWARNING[43;33m][0m
 [1mNG8113: 
UiCardComponent is not 
used within the 
template of LandingPage
Component[0m 
[1m[35m[plugin 
angular-compiler][0m

    src/app/pages/landi
ng-page/landing-page.co
mponent.ts:10:57:
[37m      10 Γöé 
...s: [CommonModule, 
RouterLink, 
UiButtonComponent, [32
mUiCardComponent[37m],
         Γò╡           
                       
                   [32
m~~~~~~~~~~~~~~~[0m

[39m[22m
[1m[31m[31mX [41;31
m[[41;97mERROR[41;31m
][0m [1mNG5002: 
Invalid ICU message. 
Missing '}'.[0m 
[1m[35m[plugin 
angular-compiler][0m

    src/app/pages/landi
ng-page/landing-page.co
mponent.html:197:26:
[37m      197 Γöé     
    <p class="quote">"
[32m{[37m{ 
testimonial.quote 
}}"</p>
          Γò╡          
                 
[32m^[0m

  Error occurs in the 
template of component 
LandingPageComponent.

    src/app/pages/landi
ng-page/landing-page.co
mponent.ts:11:15:
[37m      11 Γöé   
templateUrl: [32m'./la
nding-page.component.ht
ml'[37m,
         Γò╡           
     [32m~~~~~~~~~~~~~
~~~~~~~~~~~~~~~~~~[0m


[31mX [41;31m[[41;97
mERROR[41;31m][0m 
[1mNG5002: Unexpected 
character "EOF" (Do 
you have an unescaped 
"{" in your template? 
Use "{{ '{' }}") to 
escape it.)[0m 
[1m[35m[plugin 
angular-compiler][0m

    src/app/pages/landi
ng-page/landing-page.co
mponent.html:266:0:
[37m      266 Γöé 
[32m[37m
          Γò╡ 
[32m^[0m

  Error occurs in the 
template of component 
LandingPageComponent.

    src/app/pages/landi
ng-page/landing-page.co
mponent.ts:11:15:
[37m      11 Γöé   
templateUrl: [32m'./la
nding-page.component.ht
ml'[37m,
         Γò╡           
     [32m~~~~~~~~~~~~~
~~~~~~~~~~~~~~~~~~[0m

[39m[22m
